ARM Linker, RVCT4.0 [Build 524] for uVision [Evaluation]

==============================================================================

Section Cross References

    clock-arch.o(.text) refers to lpc17xx_systick.o(.text) for init_timer
    clock-arch.o(.text) refers to lpc17xx_systick.o(.data) for systick_counter
    httpd.o(.text) refers to memcpya.o(.text) for __aeabi_memcpy
    httpd.o(.text) refers to psock.o(.text) for psock_generator_send
    httpd.o(.text) refers to strchr.o(.text) for strchr
    httpd.o(.text) refers to httpd-fs.o(.text) for httpd_fs_open
    httpd.o(.text) refers to httpd-cgi.o(.text) for httpd_cgi
    httpd.o(.text) refers to strlen.o(.text) for strlen
    httpd.o(.text) refers to strrchr.o(.text) for strrchr
    httpd.o(.text) refers to strncmp.o(.text) for strncmp
    httpd.o(.text) refers to uip.o(.data) for uip_conn
    httpd.o(.text) refers to http-strings.o(.constdata) for http_content_type_binary
    httpd.o(.text) refers to strcpy.o(.text) for strcpy
    httpd.o(.text) refers to strncpy.o(.text) for strncpy
    httpd.o(.text) refers to uip.o(.text) for uip_listen
    httpd-cgi.o(.text) refers to strlen.o(.text) for strlen
    httpd-cgi.o(.text) refers to strncmp.o(.text) for strncmp
    httpd-cgi.o(.text) refers to httpd-fs.o(.text) for httpd_fs_count
    httpd-cgi.o(.text) refers to printf6.o(i.__0snprintf$6) for __2snprintf
    httpd-cgi.o(.text) refers to strchr.o(.text) for strchr
    httpd-cgi.o(.text) refers to psock.o(.text) for psock_generator_send
    httpd-cgi.o(.text) refers to uip.o(.text) for htons
    httpd-cgi.o(.text) refers to httpd-cgi.o(.data) for .data
    httpd-cgi.o(.text) refers to uip.o(.data) for uip_appdata
    httpd-cgi.o(.text) refers to uip.o(.bss) for uip_conns
    httpd-cgi.o(.text) refers to httpd-cgi.o(.constdata) for .constdata
    httpd-cgi.o(.constdata) refers to httpd-cgi.o(.conststring) for .conststring
    httpd-cgi.o(.constdata) refers to httpd-cgi.o(.text) for file_stats
    httpd-cgi.o(.data) refers to httpd-cgi.o(.constdata) for file
    httpd-fs.o(.text) refers to httpd-fs.o(.constdata) for file_stats_shtml
    httpd-fs.o(.text) refers to httpd-fs.o(.bss) for .bss
    psock.o(.text) refers to memcpya.o(.text) for __aeabi_memcpy
    psock.o(.text) refers to uip.o(.text) for uip_send
    psock.o(.text) refers to printf6.o(i.__0printf$6) for __2printf
    psock.o(.text) refers to uip.o(.data) for uip_flags
    tapdev.o(.text) refers to lpc17xx_emac.o(.text) for EMAC_Init
    timer.o(.text) refers to clock-arch.o(.text) for clock_time
    uip.o(.text) refers to scad_app.o(.text) for scad_appfunc
    uip.o(.text) refers to uip.o(.data) for .data
    uip.o(.text) refers to uip.o(.bss) for uip_buf
    uip.o(.text) refers to main.o(.text) for uip_log
    uip.o(.text) refers to uip.o(.constdata) for .constdata
    uip.o(.text) refers to memcpya.o(.text) for __aeabi_memcpy
    uip_arp.o(.text) refers to memcpya.o(.text) for __aeabi_memcpy
    uip_arp.o(.text) refers to memseta.o(.text) for __aeabi_memset
    uip_arp.o(.text) refers to uip_arp.o(.data) for .data
    uip_arp.o(.text) refers to uip_arp.o(.bss) for .bss
    uip_arp.o(.text) refers to uip.o(.data) for uip_len
    uip_arp.o(.text) refers to uip.o(.bss) for uip_buf
    uip_arp.o(.text) refers to uip.o(.constdata) for uip_ethaddr
    uip_arp.o(.text) refers to uip_arp.o(.constdata) for .constdata
    main.o(.text) refers to system_lpc17xx.o(.text) for SystemInit
    main.o(.text) refers to clock-arch.o(.text) for clock_init
    main.o(.text) refers to uart.o(.text) for UARTInit
    main.o(.text) refers to timer.o(.text) for timer_set
    main.o(.text) refers to tapdev.o(.text) for tapdev_init
    main.o(.text) refers to uip.o(.text) for uip_init
    main.o(.text) refers to scad_app.o(.text) for scadapp_init
    main.o(.text) refers to printf6.o(i.__0sprintf$6) for __2sprintf
    main.o(.text) refers to uip_arp.o(.text) for uip_arp_out
    main.o(.text) refers to uip.o(.data) for uip_hostaddr
    main.o(.text) refers to uip.o(.bss) for uip_buf
    lpc17xx_systick.o(.text) refers to lpc17xx_systick.o(.data) for systick_counter
    lpc17xx_systick.o(.text) refers to system_lpc17xx.o(.data) for SystemFrequency
    lpc17xx_emac.o(.text) refers to memcpya.o(.text) for __aeabi_memcpy
    scad_app.o(.text) refers to uip.o(.text) for uip_listen
    scad_app.o(.text) refers to memcpya.o(.text) for __aeabi_memcpy
    scad_app.o(.text) refers to uip.o(.data) for uip_flags
    scad_app.o(.text) refers to scad_app.o(.data) for state_of_connection
    scad_app.o(.text) refers to scad_app.o(.bss) for dummy_str
    uart.o(.text) refers to uart.o(.data) for UART3Status
    uart.o(.text) refers to uart.o(.bss) for UART3Buffer
    uart.o(.text) refers to system_lpc17xx.o(.data) for SystemFrequency
    startup_lpc17xx.o(RESET) refers to startup_lpc17xx.o(STACK) for __initial_sp
    startup_lpc17xx.o(RESET) refers to startup_lpc17xx.o(.text) for Reset_Handler
    startup_lpc17xx.o(RESET) refers to lpc17xx_systick.o(.text) for SysTick_Handler
    startup_lpc17xx.o(RESET) refers to uart.o(.text) for UART1_IRQHandler
    startup_lpc17xx.o(.text) refers to entry.o(.ARM.Collect$$$$00000000) for __main
    system_lpc17xx.o(.text) refers to system_lpc17xx.o(.data) for SystemFrequency
    entry.o(.ARM.Collect$$$$00000000) refers (Special) to entry7.o(.ARM.Collect$$$$00000007) for _main_init
    entry.o(.ARM.Collect$$$$00000000) refers (Special) to entry5.o(.ARM.Collect$$$$00000004) for _main_scatterload
    entry.o(.ARM.Collect$$$$00000000) refers (Special) to entry2.o(.ARM.Collect$$$$00000001) for _main_stk
    printfb.o(i.__0fprintf$bare) refers to printfb.o(i._printf_core) for _printf_core
    printfb.o(i.__0fprintf$bare) refers to fputc.o(i.fputc) for fputc
    printfb.o(i.__0printf$bare) refers to printfb.o(i._printf_core) for _printf_core
    printfb.o(i.__0printf$bare) refers to fputc.o(i.fputc) for fputc
    printfb.o(i.__0printf$bare) refers to stdout.o(.data) for __stdout
    printfb.o(i.__0snprintf$bare) refers to printfb.o(i._printf_core) for _printf_core
    printfb.o(i.__0snprintf$bare) refers to printfb.o(i._snputc) for _snputc
    printfb.o(i.__0sprintf$bare) refers to printfb.o(i._printf_core) for _printf_core
    printfb.o(i.__0sprintf$bare) refers to printfb.o(i._sputc) for _sputc
    printfb.o(i.__0vfprintf$bare) refers to printfb.o(i._printf_core) for _printf_core
    printfb.o(i.__0vfprintf$bare) refers to fputc.o(i.fputc) for fputc
    printfb.o(i.__0vprintf$bare) refers to printfb.o(i._printf_core) for _printf_core
    printfb.o(i.__0vprintf$bare) refers to fputc.o(i.fputc) for fputc
    printfb.o(i.__0vprintf$bare) refers to stdout.o(.data) for __stdout
    printfb.o(i.__0vsnprintf$bare) refers to printfb.o(i._printf_core) for _printf_core
    printfb.o(i.__0vsnprintf$bare) refers to printfb.o(i._snputc) for _snputc
    printfb.o(i.__0vsprintf$bare) refers to printfb.o(i._printf_core) for _printf_core
    printfb.o(i.__0vsprintf$bare) refers to printfb.o(i._sputc) for _sputc
    printf0.o(i.__0fprintf$0) refers to printf0.o(i._printf_core) for _printf_core
    printf0.o(i.__0fprintf$0) refers to fputc.o(i.fputc) for fputc
    printf0.o(i.__0printf$0) refers to printf0.o(i._printf_core) for _printf_core
    printf0.o(i.__0printf$0) refers to fputc.o(i.fputc) for fputc
    printf0.o(i.__0printf$0) refers to stdout.o(.data) for __stdout
    printf0.o(i.__0snprintf$0) refers to printf0.o(i._printf_core) for _printf_core
    printf0.o(i.__0snprintf$0) refers to printf0.o(i._snputc) for _snputc
    printf0.o(i.__0sprintf$0) refers to printf0.o(i._printf_core) for _printf_core
    printf0.o(i.__0sprintf$0) refers to printf0.o(i._sputc) for _sputc
    printf0.o(i.__0vfprintf$0) refers to printf0.o(i._printf_core) for _printf_core
    printf0.o(i.__0vfprintf$0) refers to fputc.o(i.fputc) for fputc
    printf0.o(i.__0vprintf$0) refers to printf0.o(i._printf_core) for _printf_core
    printf0.o(i.__0vprintf$0) refers to fputc.o(i.fputc) for fputc
    printf0.o(i.__0vprintf$0) refers to stdout.o(.data) for __stdout
    printf0.o(i.__0vsnprintf$0) refers to printf0.o(i._printf_core) for _printf_core
    printf0.o(i.__0vsnprintf$0) refers to printf0.o(i._snputc) for _snputc
    printf0.o(i.__0vsprintf$0) refers to printf0.o(i._printf_core) for _printf_core
    printf0.o(i.__0vsprintf$0) refers to printf0.o(i._sputc) for _sputc
    printf1.o(i.__0fprintf$1) refers to printf1.o(i._printf_core) for _printf_core
    printf1.o(i.__0fprintf$1) refers to fputc.o(i.fputc) for fputc
    printf1.o(i.__0printf$1) refers to printf1.o(i._printf_core) for _printf_core
    printf1.o(i.__0printf$1) refers to fputc.o(i.fputc) for fputc
    printf1.o(i.__0printf$1) refers to stdout.o(.data) for __stdout
    printf1.o(i.__0snprintf$1) refers to printf1.o(i._printf_core) for _printf_core
    printf1.o(i.__0snprintf$1) refers to printf1.o(i._snputc) for _snputc
    printf1.o(i.__0sprintf$1) refers to printf1.o(i._printf_core) for _printf_core
    printf1.o(i.__0sprintf$1) refers to printf1.o(i._sputc) for _sputc
    printf1.o(i.__0vfprintf$1) refers to printf1.o(i._printf_core) for _printf_core
    printf1.o(i.__0vfprintf$1) refers to fputc.o(i.fputc) for fputc
    printf1.o(i.__0vprintf$1) refers to printf1.o(i._printf_core) for _printf_core
    printf1.o(i.__0vprintf$1) refers to fputc.o(i.fputc) for fputc
    printf1.o(i.__0vprintf$1) refers to stdout.o(.data) for __stdout
    printf1.o(i.__0vsnprintf$1) refers to printf1.o(i._printf_core) for _printf_core
    printf1.o(i.__0vsnprintf$1) refers to printf1.o(i._snputc) for _snputc
    printf1.o(i.__0vsprintf$1) refers to printf1.o(i._printf_core) for _printf_core
    printf1.o(i.__0vsprintf$1) refers to printf1.o(i._sputc) for _sputc
    printf1.o(i._printf_core) refers to uidiv.o(.text) for __aeabi_uidivmod
    printf2.o(i.__0fprintf$2) refers to printf2.o(i._printf_core) for _printf_core
    printf2.o(i.__0fprintf$2) refers to fputc.o(i.fputc) for fputc
    printf2.o(i.__0printf$2) refers to printf2.o(i._printf_core) for _printf_core
    printf2.o(i.__0printf$2) refers to fputc.o(i.fputc) for fputc
    printf2.o(i.__0printf$2) refers to stdout.o(.data) for __stdout
    printf2.o(i.__0snprintf$2) refers to printf2.o(i._printf_core) for _printf_core
    printf2.o(i.__0snprintf$2) refers to printf2.o(i._snputc) for _snputc
    printf2.o(i.__0sprintf$2) refers to printf2.o(i._printf_core) for _printf_core
    printf2.o(i.__0sprintf$2) refers to printf2.o(i._sputc) for _sputc
    printf2.o(i.__0vfprintf$2) refers to printf2.o(i._printf_core) for _printf_core
    printf2.o(i.__0vfprintf$2) refers to fputc.o(i.fputc) for fputc
    printf2.o(i.__0vprintf$2) refers to printf2.o(i._printf_core) for _printf_core
    printf2.o(i.__0vprintf$2) refers to fputc.o(i.fputc) for fputc
    printf2.o(i.__0vprintf$2) refers to stdout.o(.data) for __stdout
    printf2.o(i.__0vsnprintf$2) refers to printf2.o(i._printf_core) for _printf_core
    printf2.o(i.__0vsnprintf$2) refers to printf2.o(i._snputc) for _snputc
    printf2.o(i.__0vsprintf$2) refers to printf2.o(i._printf_core) for _printf_core
    printf2.o(i.__0vsprintf$2) refers to printf2.o(i._sputc) for _sputc
    printf3.o(i.__0fprintf$3) refers to printf3.o(i._printf_core) for _printf_core
    printf3.o(i.__0fprintf$3) refers to fputc.o(i.fputc) for fputc
    printf3.o(i.__0printf$3) refers to printf3.o(i._printf_core) for _printf_core
    printf3.o(i.__0printf$3) refers to fputc.o(i.fputc) for fputc
    printf3.o(i.__0printf$3) refers to stdout.o(.data) for __stdout
    printf3.o(i.__0snprintf$3) refers to printf3.o(i._printf_core) for _printf_core
    printf3.o(i.__0snprintf$3) refers to printf3.o(i._snputc) for _snputc
    printf3.o(i.__0sprintf$3) refers to printf3.o(i._printf_core) for _printf_core
    printf3.o(i.__0sprintf$3) refers to printf3.o(i._sputc) for _sputc
    printf3.o(i.__0vfprintf$3) refers to printf3.o(i._printf_core) for _printf_core
    printf3.o(i.__0vfprintf$3) refers to fputc.o(i.fputc) for fputc
    printf3.o(i.__0vprintf$3) refers to printf3.o(i._printf_core) for _printf_core
    printf3.o(i.__0vprintf$3) refers to fputc.o(i.fputc) for fputc
    printf3.o(i.__0vprintf$3) refers to stdout.o(.data) for __stdout
    printf3.o(i.__0vsnprintf$3) refers to printf3.o(i._printf_core) for _printf_core
    printf3.o(i.__0vsnprintf$3) refers to printf3.o(i._snputc) for _snputc
    printf3.o(i.__0vsprintf$3) refers to printf3.o(i._printf_core) for _printf_core
    printf3.o(i.__0vsprintf$3) refers to printf3.o(i._sputc) for _sputc
    printf3.o(i._printf_core) refers to uidiv.o(.text) for __aeabi_uidivmod
    printf4.o(i.__0fprintf$4) refers to printf4.o(i._printf_core) for _printf_core
    printf4.o(i.__0fprintf$4) refers to fputc.o(i.fputc) for fputc
    printf4.o(i.__0printf$4) refers to printf4.o(i._printf_core) for _printf_core
    printf4.o(i.__0printf$4) refers to fputc.o(i.fputc) for fputc
    printf4.o(i.__0printf$4) refers to stdout.o(.data) for __stdout
    printf4.o(i.__0snprintf$4) refers to printf4.o(i._printf_core) for _printf_core
    printf4.o(i.__0snprintf$4) refers to printf4.o(i._snputc) for _snputc
    printf4.o(i.__0sprintf$4) refers to printf4.o(i._printf_core) for _printf_core
    printf4.o(i.__0sprintf$4) refers to printf4.o(i._sputc) for _sputc
    printf4.o(i.__0vfprintf$4) refers to printf4.o(i._printf_core) for _printf_core
    printf4.o(i.__0vfprintf$4) refers to fputc.o(i.fputc) for fputc
    printf4.o(i.__0vprintf$4) refers to printf4.o(i._printf_core) for _printf_core
    printf4.o(i.__0vprintf$4) refers to fputc.o(i.fputc) for fputc
    printf4.o(i.__0vprintf$4) refers to stdout.o(.data) for __stdout
    printf4.o(i.__0vsnprintf$4) refers to printf4.o(i._printf_core) for _printf_core
    printf4.o(i.__0vsnprintf$4) refers to printf4.o(i._snputc) for _snputc
    printf4.o(i.__0vsprintf$4) refers to printf4.o(i._printf_core) for _printf_core
    printf4.o(i.__0vsprintf$4) refers to printf4.o(i._sputc) for _sputc
    printf4.o(i._printf_core) refers to uldiv.o(.text) for __aeabi_uldivmod
    printf5.o(i.__0fprintf$5) refers to printf5.o(i._printf_core) for _printf_core
    printf5.o(i.__0fprintf$5) refers to fputc.o(i.fputc) for fputc
    printf5.o(i.__0printf$5) refers to printf5.o(i._printf_core) for _printf_core
    printf5.o(i.__0printf$5) refers to fputc.o(i.fputc) for fputc
    printf5.o(i.__0printf$5) refers to stdout.o(.data) for __stdout
    printf5.o(i.__0snprintf$5) refers to printf5.o(i._printf_core) for _printf_core
    printf5.o(i.__0snprintf$5) refers to printf5.o(i._snputc) for _snputc
    printf5.o(i.__0sprintf$5) refers to printf5.o(i._printf_core) for _printf_core
    printf5.o(i.__0sprintf$5) refers to printf5.o(i._sputc) for _sputc
    printf5.o(i.__0vfprintf$5) refers to printf5.o(i._printf_core) for _printf_core
    printf5.o(i.__0vfprintf$5) refers to fputc.o(i.fputc) for fputc
    printf5.o(i.__0vprintf$5) refers to printf5.o(i._printf_core) for _printf_core
    printf5.o(i.__0vprintf$5) refers to fputc.o(i.fputc) for fputc
    printf5.o(i.__0vprintf$5) refers to stdout.o(.data) for __stdout
    printf5.o(i.__0vsnprintf$5) refers to printf5.o(i._printf_core) for _printf_core
    printf5.o(i.__0vsnprintf$5) refers to printf5.o(i._snputc) for _snputc
    printf5.o(i.__0vsprintf$5) refers to printf5.o(i._printf_core) for _printf_core
    printf5.o(i.__0vsprintf$5) refers to printf5.o(i._sputc) for _sputc
    printf5.o(i._printf_core) refers to uldiv.o(.text) for __aeabi_uldivmod
    printf6.o(i.__0fprintf$6) refers to printf6.o(i._printf_core) for _printf_core
    printf6.o(i.__0fprintf$6) refers to fputc.o(i.fputc) for fputc
    printf6.o(i.__0printf$6) refers to printf6.o(i._printf_core) for _printf_core
    printf6.o(i.__0printf$6) refers to fputc.o(i.fputc) for fputc
    printf6.o(i.__0printf$6) refers to stdout.o(.data) for __stdout
    printf6.o(i.__0snprintf$6) refers to printf6.o(i._printf_core) for _printf_core
    printf6.o(i.__0snprintf$6) refers to printf6.o(i._snputc) for _snputc
    printf6.o(i.__0sprintf$6) refers to printf6.o(i._printf_core) for _printf_core
    printf6.o(i.__0sprintf$6) refers to printf6.o(i._sputc) for _sputc
    printf6.o(i.__0vfprintf$6) refers to printf6.o(i._printf_core) for _printf_core
    printf6.o(i.__0vfprintf$6) refers to fputc.o(i.fputc) for fputc
    printf6.o(i.__0vprintf$6) refers to printf6.o(i._printf_core) for _printf_core
    printf6.o(i.__0vprintf$6) refers to fputc.o(i.fputc) for fputc
    printf6.o(i.__0vprintf$6) refers to stdout.o(.data) for __stdout
    printf6.o(i.__0vsnprintf$6) refers to printf6.o(i._printf_core) for _printf_core
    printf6.o(i.__0vsnprintf$6) refers to printf6.o(i._snputc) for _snputc
    printf6.o(i.__0vsprintf$6) refers to printf6.o(i._printf_core) for _printf_core
    printf6.o(i.__0vsprintf$6) refers to printf6.o(i._sputc) for _sputc
    printf6.o(i._printf_core) refers to printf6.o(i._printf_pre_padding) for _printf_pre_padding
    printf6.o(i._printf_core) refers to uidiv.o(.text) for __aeabi_uidivmod
    printf6.o(i._printf_core) refers to printf6.o(i._printf_post_padding) for _printf_post_padding
    printf7.o(i.__0fprintf$7) refers to printf7.o(i._printf_core) for _printf_core
    printf7.o(i.__0fprintf$7) refers to fputc.o(i.fputc) for fputc
    printf7.o(i.__0printf$7) refers to printf7.o(i._printf_core) for _printf_core
    printf7.o(i.__0printf$7) refers to fputc.o(i.fputc) for fputc
    printf7.o(i.__0printf$7) refers to stdout.o(.data) for __stdout
    printf7.o(i.__0snprintf$7) refers to printf7.o(i._printf_core) for _printf_core
    printf7.o(i.__0snprintf$7) refers to printf7.o(i._snputc) for _snputc
    printf7.o(i.__0sprintf$7) refers to printf7.o(i._printf_core) for _printf_core
    printf7.o(i.__0sprintf$7) refers to printf7.o(i._sputc) for _sputc
    printf7.o(i.__0vfprintf$7) refers to printf7.o(i._printf_core) for _printf_core
    printf7.o(i.__0vfprintf$7) refers to fputc.o(i.fputc) for fputc
    printf7.o(i.__0vprintf$7) refers to printf7.o(i._printf_core) for _printf_core
    printf7.o(i.__0vprintf$7) refers to fputc.o(i.fputc) for fputc
    printf7.o(i.__0vprintf$7) refers to stdout.o(.data) for __stdout
    printf7.o(i.__0vsnprintf$7) refers to printf7.o(i._printf_core) for _printf_core
    printf7.o(i.__0vsnprintf$7) refers to printf7.o(i._snputc) for _snputc
    printf7.o(i.__0vsprintf$7) refers to printf7.o(i._printf_core) for _printf_core
    printf7.o(i.__0vsprintf$7) refers to printf7.o(i._sputc) for _sputc
    printf7.o(i._printf_core) refers to printf7.o(i._printf_pre_padding) for _printf_pre_padding
    printf7.o(i._printf_core) refers to uldiv.o(.text) for __aeabi_uldivmod
    printf7.o(i._printf_core) refers to printf7.o(i._printf_post_padding) for _printf_post_padding
    printf8.o(i.__0fprintf$8) refers to printf8.o(i._printf_core) for _printf_core
    printf8.o(i.__0fprintf$8) refers to fputc.o(i.fputc) for fputc
    printf8.o(i.__0printf$8) refers to printf8.o(i._printf_core) for _printf_core
    printf8.o(i.__0printf$8) refers to fputc.o(i.fputc) for fputc
    printf8.o(i.__0printf$8) refers to stdout.o(.data) for __stdout
    printf8.o(i.__0snprintf$8) refers to printf8.o(i._printf_core) for _printf_core
    printf8.o(i.__0snprintf$8) refers to printf8.o(i._snputc) for _snputc
    printf8.o(i.__0sprintf$8) refers to printf8.o(i._printf_core) for _printf_core
    printf8.o(i.__0sprintf$8) refers to printf8.o(i._sputc) for _sputc
    printf8.o(i.__0vfprintf$8) refers to printf8.o(i._printf_core) for _printf_core
    printf8.o(i.__0vfprintf$8) refers to fputc.o(i.fputc) for fputc
    printf8.o(i.__0vprintf$8) refers to printf8.o(i._printf_core) for _printf_core
    printf8.o(i.__0vprintf$8) refers to fputc.o(i.fputc) for fputc
    printf8.o(i.__0vprintf$8) refers to stdout.o(.data) for __stdout
    printf8.o(i.__0vsnprintf$8) refers to printf8.o(i._printf_core) for _printf_core
    printf8.o(i.__0vsnprintf$8) refers to printf8.o(i._snputc) for _snputc
    printf8.o(i.__0vsprintf$8) refers to printf8.o(i._printf_core) for _printf_core
    printf8.o(i.__0vsprintf$8) refers to printf8.o(i._sputc) for _sputc
    printf8.o(i._printf_core) refers to printf8.o(i._printf_pre_padding) for _printf_pre_padding
    printf8.o(i._printf_core) refers to uldiv.o(.text) for __aeabi_uldivmod
    printf8.o(i._printf_core) refers to printf8.o(i._printf_post_padding) for _printf_post_padding
    printfa.o(i.__0fprintf) refers (Special) to iusefp.o(.text) for __I$use$fp
    printfa.o(i.__0fprintf) refers to printfa.o(i._printf_core) for _printf_core
    printfa.o(i.__0fprintf) refers to fputc.o(i.fputc) for fputc
    printfa.o(i.__0printf) refers (Special) to iusefp.o(.text) for __I$use$fp
    printfa.o(i.__0printf) refers to printfa.o(i._printf_core) for _printf_core
    printfa.o(i.__0printf) refers to fputc.o(i.fputc) for fputc
    printfa.o(i.__0printf) refers to stdout.o(.data) for __stdout
    printfa.o(i.__0snprintf) refers (Special) to iusefp.o(.text) for __I$use$fp
    printfa.o(i.__0snprintf) refers to printfa.o(i._printf_core) for _printf_core
    printfa.o(i.__0snprintf) refers to printfa.o(i._snputc) for _snputc
    printfa.o(i.__0sprintf) refers (Special) to iusefp.o(.text) for __I$use$fp
    printfa.o(i.__0sprintf) refers to printfa.o(i._printf_core) for _printf_core
    printfa.o(i.__0sprintf) refers to printfa.o(i._sputc) for _sputc
    printfa.o(i.__0vfprintf) refers (Special) to iusefp.o(.text) for __I$use$fp
    printfa.o(i.__0vfprintf) refers to printfa.o(i._printf_core) for _printf_core
    printfa.o(i.__0vfprintf) refers to fputc.o(i.fputc) for fputc
    printfa.o(i.__0vprintf) refers (Special) to iusefp.o(.text) for __I$use$fp
    printfa.o(i.__0vprintf) refers to printfa.o(i._printf_core) for _printf_core
    printfa.o(i.__0vprintf) refers to fputc.o(i.fputc) for fputc
    printfa.o(i.__0vprintf) refers to stdout.o(.data) for __stdout
    printfa.o(i.__0vsnprintf) refers (Special) to iusefp.o(.text) for __I$use$fp
    printfa.o(i.__0vsnprintf) refers to printfa.o(i._printf_core) for _printf_core
    printfa.o(i.__0vsnprintf) refers to printfa.o(i._snputc) for _snputc
    printfa.o(i.__0vsprintf) refers (Special) to iusefp.o(.text) for __I$use$fp
    printfa.o(i.__0vsprintf) refers to printfa.o(i._printf_core) for _printf_core
    printfa.o(i.__0vsprintf) refers to printfa.o(i._sputc) for _sputc
    printfa.o(i._fp_digits) refers (Special) to iusefp.o(.text) for __I$use$fp
    printfa.o(i._fp_digits) refers to dmul.o(.text) for __aeabi_dmul
    printfa.o(i._fp_digits) refers to ddiv.o(.text) for __aeabi_ddiv
    printfa.o(i._fp_digits) refers to cdrcmple.o(.text) for __aeabi_cdrcmple
    printfa.o(i._fp_digits) refers to dadd.o(.text) for __aeabi_dadd
    printfa.o(i._fp_digits) refers to dfixul.o(.text) for __aeabi_d2ulz
    printfa.o(i._fp_digits) refers to uldiv.o(.text) for __aeabi_uldivmod
    printfa.o(i._printf_core) refers (Special) to iusefp.o(.text) for __I$use$fp
    printfa.o(i._printf_core) refers to printfa.o(i._printf_pre_padding) for _printf_pre_padding
    printfa.o(i._printf_core) refers to uldiv.o(.text) for __aeabi_uldivmod
    printfa.o(i._printf_core) refers to printfa.o(i._printf_post_padding) for _printf_post_padding
    printfa.o(i._printf_core) refers to printfa.o(i._fp_digits) for _fp_digits
    printfa.o(i._printf_core) refers to uidiv.o(.text) for __aeabi_uidivmod
    printfa.o(i._printf_post_padding) refers (Special) to iusefp.o(.text) for __I$use$fp
    printfa.o(i._printf_pre_padding) refers (Special) to iusefp.o(.text) for __I$use$fp
    printfa.o(i._snputc) refers (Special) to iusefp.o(.text) for __I$use$fp
    printfa.o(i._sputc) refers (Special) to iusefp.o(.text) for __I$use$fp
    entry2.o(.ARM.Collect$$$$00000001) refers to entry2.o(.ARM.Collect$$$$00002712) for __lit__00000000
    entry2.o(.ARM.Collect$$$$00002712) refers to startup_lpc17xx.o(STACK) for __initial_sp
    entry2.o(__vectab_stack_and_reset_area) refers to startup_lpc17xx.o(STACK) for __initial_sp
    entry2.o(__vectab_stack_and_reset_area) refers to entry.o(.ARM.Collect$$$$00000000) for __main
    entry5.o(.ARM.Collect$$$$00000004) refers to init.o(.text) for __scatterload
    entry7.o(.ARM.Collect$$$$00000007) refers to main.o(.text) for main
    fputc.o(i.fputc) refers (Special) to iusesemip.o(.text) for __I$use$semihosting$fputc
    uldiv.o(.text) refers to llushr.o(.text) for __aeabi_llsr
    uldiv.o(.text) refers to llshl.o(.text) for __aeabi_llsl
    dadd.o(.text) refers to llushr.o(.text) for __aeabi_llsr
    dadd.o(.text) refers to llshl.o(.text) for __aeabi_llsl
    dadd.o(.text) refers to depilogue.o(.text) for _double_epilogue
    dmul.o(.text) refers to depilogue.o(.text) for _double_epilogue
    ddiv.o(.text) refers to depilogue.o(.text) for _double_epilogue
    dfixul.o(.text) refers to llushr.o(.text) for __aeabi_llsr
    dfixul.o(.text) refers to llshl.o(.text) for __aeabi_llsl
    init.o(.text) refers to entry5.o(.ARM.Collect$$$$00000004) for __main_after_scatterload


==============================================================================

Removing Unused input sections from the image.

    Removing httpd.o(.text), (1888 bytes).
    Removing httpd-cgi.o(.text), (620 bytes).
    Removing httpd-cgi.o(.constdata), (205 bytes).
    Removing httpd-cgi.o(.conststring), (37 bytes).
    Removing httpd-cgi.o(.data), (52 bytes).
    Removing httpd-fs.o(.text), (184 bytes).
    Removing httpd-fs.o(.bss), (20 bytes).
    Removing httpd-fs.o(.constdata), (5716 bytes).
    Removing http-strings.o(.constdata), (586 bytes).
    Removing psock.o(.text), (1068 bytes).
    Removing startup_lpc17xx.o(HEAP), (0 bytes).
    Removing dadd.o(.text), (414 bytes).
    Removing dmul.o(.text), (232 bytes).
    Removing ddiv.o(.text), (248 bytes).
    Removing dfixul.o(.text), (50 bytes).
    Removing cdrcmple.o(.text), (76 bytes).
    Removing depilogue.o(.text), (200 bytes).

17 unused section(s) (total 11596 bytes) removed from the image.

==============================================================================

Image Symbol Table

    Local Symbols

    Symbol Name                              Value     Ov Type        Size  Object(Section)

    RESET                                    0x00000000   Section      204  startup_lpc17xx.o(RESET)
    ../../microlib/division.c                0x00000000   Number         0  uldiv.o ABSOLUTE
    ../../microlib/division.c                0x00000000   Number         0  uidiv.o ABSOLUTE
    ../../microlib/fpadd.c                   0x00000000   Number         0  dadd.o ABSOLUTE
    ../../microlib/fpdiv.c                   0x00000000   Number         0  ddiv.o ABSOLUTE
    ../../microlib/fpepilogue.c              0x00000000   Number         0  depilogue.o ABSOLUTE
    ../../microlib/fpfix.c                   0x00000000   Number         0  dfixul.o ABSOLUTE
    ../../microlib/fpmul.c                   0x00000000   Number         0  dmul.o ABSOLUTE
    ../../microlib/init/entry.s              0x00000000   Number         0  entry5.o ABSOLUTE
    ../../microlib/init/entry.s              0x00000000   Number         0  entry2.o ABSOLUTE
    ../../microlib/init/entry.s              0x00000000   Number         0  entry7.o ABSOLUTE
    ../../microlib/init/entry.s              0x00000000   Number         0  entry.o ABSOLUTE
    ../../microlib/longlong.c                0x00000000   Number         0  llushr.o ABSOLUTE
    ../../microlib/longlong.c                0x00000000   Number         0  llshl.o ABSOLUTE
    ../../microlib/printf/printf.c           0x00000000   Number         0  printfa.o ABSOLUTE
    ../../microlib/printf/printf.c           0x00000000   Number         0  printf8.o ABSOLUTE
    ../../microlib/printf/printf.c           0x00000000   Number         0  printf6.o ABSOLUTE
    ../../microlib/printf/printf.c           0x00000000   Number         0  printf5.o ABSOLUTE
    ../../microlib/printf/printf.c           0x00000000   Number         0  printf4.o ABSOLUTE
    ../../microlib/printf/printf.c           0x00000000   Number         0  printf3.o ABSOLUTE
    ../../microlib/printf/printf.c           0x00000000   Number         0  printf2.o ABSOLUTE
    ../../microlib/printf/printf.c           0x00000000   Number         0  printf1.o ABSOLUTE
    ../../microlib/printf/printf.c           0x00000000   Number         0  printf7.o ABSOLUTE
    ../../microlib/printf/printf.c           0x00000000   Number         0  printfb.o ABSOLUTE
    ../../microlib/printf/printf.c           0x00000000   Number         0  printf0.o ABSOLUTE
    ../../microlib/printf/stubs.s            0x00000000   Number         0  stubs.o ABSOLUTE
    ../../microlib/stdio/fputc.c             0x00000000   Number         0  fputc.o ABSOLUTE
    ../../microlib/stdio/streams.c           0x00000000   Number         0  stdout.o ABSOLUTE
    ../../microlib/string/memcpy.c           0x00000000   Number         0  memcpyb.o ABSOLUTE
    ../../microlib/string/memcpy.c           0x00000000   Number         0  memcpya.o ABSOLUTE
    ../../microlib/string/memset.c           0x00000000   Number         0  memseta.o ABSOLUTE
    ../../microlib/string/strchr.c           0x00000000   Number         0  strchr.o ABSOLUTE
    ../../microlib/string/strcpy.c           0x00000000   Number         0  strcpy.o ABSOLUTE
    ../../microlib/string/strlen.c           0x00000000   Number         0  strlen.o ABSOLUTE
    ../../microlib/string/strncmp.c          0x00000000   Number         0  strncmp.o ABSOLUTE
    ../../microlib/string/strncpy.c          0x00000000   Number         0  strncpy.o ABSOLUTE
    ../../microlib/string/strrchr.c          0x00000000   Number         0  strrchr.o ABSOLUTE
    ../../microlib/stubs.s                   0x00000000   Number         0  iusesemip.o ABSOLUTE
    ../../microlib/stubs.s                   0x00000000   Number         0  iusefp.o ABSOLUTE
    ..\..\COMMON\SRC\startup_LPC17xx.s       0x00000000   Number         0  startup_lpc17xx.o ABSOLUTE
    ..\..\COMMON\SRC\system_LPC17xx.c        0x00000000   Number         0  system_lpc17xx.o ABSOLUTE
    ..\APP\SRC\main.c                        0x00000000   Number         0  main.o ABSOLUTE
    ..\DRIVERS\UIP_WEBSERVER\SRC\clock-arch.c 0x00000000   Number         0  clock-arch.o ABSOLUTE
    ..\DRIVERS\UIP_WEBSERVER\SRC\http-strings.c 0x00000000   Number         0  http-strings.o ABSOLUTE
    ..\DRIVERS\UIP_WEBSERVER\SRC\httpd-cgi.c 0x00000000   Number         0  httpd-cgi.o ABSOLUTE
    ..\DRIVERS\UIP_WEBSERVER\SRC\httpd-fs.c  0x00000000   Number         0  httpd-fs.o ABSOLUTE
    ..\DRIVERS\UIP_WEBSERVER\SRC\httpd.c     0x00000000   Number         0  httpd.o ABSOLUTE
    ..\DRIVERS\UIP_WEBSERVER\SRC\lpc17xx_emac.c 0x00000000   Number         0  lpc17xx_emac.o ABSOLUTE
    ..\DRIVERS\UIP_WEBSERVER\SRC\lpc17xx_systick.c 0x00000000   Number         0  lpc17xx_systick.o ABSOLUTE
    ..\DRIVERS\UIP_WEBSERVER\SRC\psock.c     0x00000000   Number         0  psock.o ABSOLUTE
    ..\DRIVERS\UIP_WEBSERVER\SRC\scad_app.c  0x00000000   Number         0  scad_app.o ABSOLUTE
    ..\DRIVERS\UIP_WEBSERVER\SRC\tapdev.c    0x00000000   Number         0  tapdev.o ABSOLUTE
    ..\DRIVERS\UIP_WEBSERVER\SRC\timer.c     0x00000000   Number         0  timer.o ABSOLUTE
    ..\DRIVERS\UIP_WEBSERVER\SRC\uart.c      0x00000000   Number         0  uart.o ABSOLUTE
    ..\DRIVERS\UIP_WEBSERVER\SRC\uip.c       0x00000000   Number         0  uip.o ABSOLUTE
    ..\DRIVERS\UIP_WEBSERVER\SRC\uip_arp.c   0x00000000   Number         0  uip_arp.o ABSOLUTE
    cdrcmple.s                               0x00000000   Number         0  cdrcmple.o ABSOLUTE
    dc.s                                     0x00000000   Number         0  dc.o ABSOLUTE
    handlers.s                               0x00000000   Number         0  handlers.o ABSOLUTE
    init.s                                   0x00000000   Number         0  init.o ABSOLUTE
    .ARM.Collect$$$$00000000                 0x000000cc   Section        0  entry.o(.ARM.Collect$$$$00000000)
    .ARM.Collect$$$$00000001                 0x000000cc   Section        4  entry2.o(.ARM.Collect$$$$00000001)
    .ARM.Collect$$$$00000004                 0x000000d0   Section        4  entry5.o(.ARM.Collect$$$$00000004)
    .ARM.Collect$$$$00000007                 0x000000d4   Section        8  entry7.o(.ARM.Collect$$$$00000007)
    .ARM.Collect$$$$00002712                 0x000000dc   Section        4  entry2.o(.ARM.Collect$$$$00002712)
    __lit__00000000                          0x000000dc   Data           4  entry2.o(.ARM.Collect$$$$00002712)
    .text                                    0x000000e0   Section       20  clock-arch.o(.text)
    .text                                    0x000000f4   Section       36  tapdev.o(.text)
    .text                                    0x00000118   Section       64  timer.o(.text)
    .text                                    0x00000158   Section      136  lpc17xx_systick.o(.text)
    .text                                    0x000001e0   Section      224  scad_app.o(.text)
    .text                                    0x000002c0   Section       28  startup_lpc17xx.o(.text)
    i.__scatterload_copy                     0x000002dc   Section       14  handlers.o(i.__scatterload_copy)
    i.__scatterload_null                     0x000002ea   Section        2  handlers.o(i.__scatterload_null)
    i.__scatterload_zeroinit                 0x000002ec   Section       14  handlers.o(i.__scatterload_zeroinit)
    .ARM.__at_0x02FC                         0x000002fc   Section        4  startup_lpc17xx.o(.ARM.__at_0x02FC)
    .text                                    0x00000300   Section     5012  uip.o(.text)
    chksum                                   0x00000371   Thumb Code    66  uip.o(.text)
    upper_layer_chksum                       0x000003f7   Thumb Code    70  uip.o(.text)
    uip_add_rcv_nxt                          0x00000659   Thumb Code    58  uip.o(.text)
    .text                                    0x00001694   Section     1064  uip_arp.o(.text)
    uip_arp_update                           0x00001719   Thumb Code   296  uip_arp.o(.text)
    .text                                    0x00001abc   Section      424  main.o(.text)
    .text                                    0x00001c64   Section     1070  lpc17xx_emac.o(.text)
    tx_descr_init                            0x00001c65   Thumb Code    92  lpc17xx_emac.o(.text)
    rx_descr_init                            0x00001cc1   Thumb Code   100  lpc17xx_emac.o(.text)
    read_PHY                                 0x00001d25   Thumb Code    62  lpc17xx_emac.o(.text)
    write_PHY                                0x00001d63   Thumb Code    48  lpc17xx_emac.o(.text)
    .text                                    0x00002094   Section      816  uart.o(.text)
    NVIC_EnableIRQ                           0x00002379   Thumb Code    24  uart.o(.text)
    .text                                    0x000023c4   Section      536  system_lpc17xx.o(.text)
    .text                                    0x000025dc   Section       36  memcpya.o(.text)
    .text                                    0x00002600   Section       38  memseta.o(.text)
    .text                                    0x00002626   Section       44  uidiv.o(.text)
    .text                                    0x00002654   Section       36  init.o(.text)
    i.__0sprintf$6                           0x00002678   Section       40  printf6.o(i.__0sprintf$6)
    i._printf_core                           0x000026a0   Section      764  printf6.o(i._printf_core)
    _printf_core                             0x000026a1   Thumb Code   760  printf6.o(i._printf_core)
    i._printf_post_padding                   0x0000299c   Section       36  printf6.o(i._printf_post_padding)
    _printf_post_padding                     0x0000299d   Thumb Code    36  printf6.o(i._printf_post_padding)
    i._printf_pre_padding                    0x000029c0   Section       44  printf6.o(i._printf_pre_padding)
    _printf_pre_padding                      0x000029c1   Thumb Code    44  printf6.o(i._printf_pre_padding)
    i._sputc                                 0x000029ec   Section       10  printf6.o(i._sputc)
    _sputc                                   0x000029ed   Thumb Code    10  printf6.o(i._sputc)
    .constdata                               0x000029f6   Section       14  uip.o(.constdata)
    all_ones_addr                            0x000029f6   Data           4  uip.o(.constdata)
    all_zeroes_addr                          0x000029fa   Data           4  uip.o(.constdata)
    .constdata                               0x00002a04   Section       10  uip_arp.o(.constdata)
    broadcast_ethaddr                        0x00002a04   Data           6  uip_arp.o(.constdata)
    broadcast_ipaddr                         0x00002a0a   Data           4  uip_arp.o(.constdata)
    .data                                    0x10000000   Section       48  uip.o(.data)
    ipid                                     0x10000020   Data           2  uip.o(.data)
    iss                                      0x10000022   Data           4  uip.o(.data)
    lastport                                 0x10000026   Data           2  uip.o(.data)
    c                                        0x1000002c   Data           1  uip.o(.data)
    opt                                      0x1000002d   Data           1  uip.o(.data)
    tmp16                                    0x1000002e   Data           2  uip.o(.data)
    .data                                    0x10000030   Section        8  uip_arp.o(.data)
    ipaddr                                   0x10000030   Data           4  uip_arp.o(.data)
    i                                        0x10000034   Data           1  uip_arp.o(.data)
    c                                        0x10000035   Data           1  uip_arp.o(.data)
    arptime                                  0x10000036   Data           1  uip_arp.o(.data)
    tmpage                                   0x10000037   Data           1  uip_arp.o(.data)
    .data                                    0x10000038   Section        8  lpc17xx_systick.o(.data)
    .data                                    0x10000040   Section       77  scad_app.o(.data)
    .data                                    0x10000090   Section       20  uart.o(.data)
    .data                                    0x100000a4   Section        4  system_lpc17xx.o(.data)
    .bss                                     0x100000a8   Section     2928  uip.o(.bss)
    .bss                                     0x10000c18   Section       96  uip_arp.o(.bss)
    arp_table                                0x10000c18   Data          96  uip_arp.o(.bss)
    .bss                                     0x10000c78   Section       21  scad_app.o(.bss)
    .bss                                     0x10000c8d   Section      128  uart.o(.bss)
    STACK                                    0x10000d10   Section      512  startup_lpc17xx.o(STACK)

    Global Symbols

    Symbol Name                              Value     Ov Type        Size  Object(Section)

    BuildAttributes$$THM_ISAv4$P$D$K$B$S$PE$A:L22UL41UL21$X:L11$S22US41US21$IEEE1$IW$USESV6$~STKCKD$USESV7$~SHL$OSPACE$ROPI$EBA8$MICROLIB$REQ8$PRES8$EABIv2 0x00000000   Number         0  anon$$obj.o ABSOLUTE
    __ARM_use_no_argv                        0x00000000   Number         0  main.o ABSOLUTE
    __Vectors                                0x00000000   Data           4  startup_lpc17xx.o(RESET)
    _printf_a                                0x00000000   Number         0  stubs.o ABSOLUTE
    _printf_c                                0x00000000   Number         0  stubs.o ABSOLUTE
    _printf_charcount                        0x00000000   Number         0  stubs.o ABSOLUTE
    _printf_d                                0x00000000   Number         0  stubs.o ABSOLUTE
    _printf_e                                0x00000000   Number         0  stubs.o ABSOLUTE
    _printf_f                                0x00000000   Number         0  stubs.o ABSOLUTE
    _printf_flags                            0x00000000   Number         0  stubs.o ABSOLUTE
    _printf_fp_dec                           0x00000000   Number         0  stubs.o ABSOLUTE
    _printf_fp_hex                           0x00000000   Number         0  stubs.o ABSOLUTE
    _printf_g                                0x00000000   Number         0  stubs.o ABSOLUTE
    _printf_i                                0x00000000   Number         0  stubs.o ABSOLUTE
    _printf_int_dec                          0x00000000   Number         0  stubs.o ABSOLUTE
    _printf_l                                0x00000000   Number         0  stubs.o ABSOLUTE
    _printf_lc                               0x00000000   Number         0  stubs.o ABSOLUTE
    _printf_ll                               0x00000000   Number         0  stubs.o ABSOLUTE
    _printf_lld                              0x00000000   Number         0  stubs.o ABSOLUTE
    _printf_lli                              0x00000000   Number         0  stubs.o ABSOLUTE
    _printf_llo                              0x00000000   Number         0  stubs.o ABSOLUTE
    _printf_llu                              0x00000000   Number         0  stubs.o ABSOLUTE
    _printf_llx                              0x00000000   Number         0  stubs.o ABSOLUTE
    _printf_longlong_dec                     0x00000000   Number         0  stubs.o ABSOLUTE
    _printf_longlong_hex                     0x00000000   Number         0  stubs.o ABSOLUTE
    _printf_longlong_oct                     0x00000000   Number         0  stubs.o ABSOLUTE
    _printf_ls                               0x00000000   Number         0  stubs.o ABSOLUTE
    _printf_mbtowc                           0x00000000   Number         0  stubs.o ABSOLUTE
    _printf_n                                0x00000000   Number         0  stubs.o ABSOLUTE
    _printf_o                                0x00000000   Number         0  stubs.o ABSOLUTE
    _printf_p                                0x00000000   Number         0  stubs.o ABSOLUTE
    _printf_percent                          0x00000000   Number         0  stubs.o ABSOLUTE
    _printf_pre_padding                      0x00000000   Number         0  stubs.o ABSOLUTE
    _printf_return_value                     0x00000000   Number         0  stubs.o ABSOLUTE
    _printf_s                                0x00000000   Number         0  stubs.o ABSOLUTE
    _printf_sizespec                         0x00000000   Number         0  stubs.o ABSOLUTE
    _printf_str                              0x00000000   Number         0  stubs.o ABSOLUTE
    _printf_truncate_signed                  0x00000000   Number         0  stubs.o ABSOLUTE
    _printf_truncate_unsigned                0x00000000   Number         0  stubs.o ABSOLUTE
    _printf_u                                0x00000000   Number         0  stubs.o ABSOLUTE
    _printf_wc                               0x00000000   Number         0  stubs.o ABSOLUTE
    _printf_wctomb                           0x00000000   Number         0  stubs.o ABSOLUTE
    _printf_widthprec                        0x00000000   Number         0  stubs.o ABSOLUTE
    _printf_x                                0x00000000   Number         0  stubs.o ABSOLUTE
    __decompress                              - Undefined Weak Reference
    __main                                   0x000000cd   Thumb Code     0  entry.o(.ARM.Collect$$$$00000000)
    _main_stk                                0x000000cd   Thumb Code     0  entry2.o(.ARM.Collect$$$$00000001)
    _main_scatterload                        0x000000d1   Thumb Code     0  entry5.o(.ARM.Collect$$$$00000004)
    __main_after_scatterload                 0x000000d5   Thumb Code     0  entry5.o(.ARM.Collect$$$$00000004)
    _main_init                               0x000000d5   Thumb Code     0  entry7.o(.ARM.Collect$$$$00000007)
    clock_init                               0x000000e1   Thumb Code    10  clock-arch.o(.text)
    clock_time                               0x000000eb   Thumb Code     6  clock-arch.o(.text)
    tapdev_init                              0x000000f5   Thumb Code     8  tapdev.o(.text)
    tapdev_read                              0x000000fd   Thumb Code    12  tapdev.o(.text)
    tapdev_send                              0x00000109   Thumb Code    16  tapdev.o(.text)
    timer_set                                0x00000119   Thumb Code    16  timer.o(.text)
    timer_reset                              0x00000129   Thumb Code    10  timer.o(.text)
    timer_restart                            0x00000133   Thumb Code    12  timer.o(.text)
    timer_expired                            0x0000013f   Thumb Code    26  timer.o(.text)
    SysTick_Handler                          0x00000159   Thumb Code    32  lpc17xx_systick.o(.text)
    init_timer                               0x00000179   Thumb Code    84  lpc17xx_systick.o(.text)
    scadapp_init                             0x000001e1   Thumb Code    12  scad_app.o(.text)
    scad_appfunc                             0x000001ed   Thumb Code   128  scad_app.o(.text)
    Reset_Handler                            0x000002c1   Thumb Code     4  startup_lpc17xx.o(.text)
    NMI_Handler                              0x000002c5   Thumb Code     2  startup_lpc17xx.o(.text)
    HardFault_Handler                        0x000002c7   Thumb Code     2  startup_lpc17xx.o(.text)
    MemManage_Handler                        0x000002c9   Thumb Code     2  startup_lpc17xx.o(.text)
    BusFault_Handler                         0x000002cb   Thumb Code     2  startup_lpc17xx.o(.text)
    UsageFault_Handler                       0x000002cd   Thumb Code     2  startup_lpc17xx.o(.text)
    SVC_Handler                              0x000002cf   Thumb Code     2  startup_lpc17xx.o(.text)
    DebugMon_Handler                         0x000002d1   Thumb Code     2  startup_lpc17xx.o(.text)
    PendSV_Handler                           0x000002d3   Thumb Code     2  startup_lpc17xx.o(.text)
    ADC_IRQHandler                           0x000002d7   Thumb Code     0  startup_lpc17xx.o(.text)
    BOD_IRQHandler                           0x000002d7   Thumb Code     0  startup_lpc17xx.o(.text)
    CANActivity_IRQHandler                   0x000002d7   Thumb Code     0  startup_lpc17xx.o(.text)
    CAN_IRQHandler                           0x000002d7   Thumb Code     0  startup_lpc17xx.o(.text)
    DMA_IRQHandler                           0x000002d7   Thumb Code     0  startup_lpc17xx.o(.text)
    EINT0_IRQHandler                         0x000002d7   Thumb Code     0  startup_lpc17xx.o(.text)
    EINT1_IRQHandler                         0x000002d7   Thumb Code     0  startup_lpc17xx.o(.text)
    EINT2_IRQHandler                         0x000002d7   Thumb Code     0  startup_lpc17xx.o(.text)
    EINT3_IRQHandler                         0x000002d7   Thumb Code     0  startup_lpc17xx.o(.text)
    ENET_IRQHandler                          0x000002d7   Thumb Code     0  startup_lpc17xx.o(.text)
    I2C0_IRQHandler                          0x000002d7   Thumb Code     0  startup_lpc17xx.o(.text)
    I2C1_IRQHandler                          0x000002d7   Thumb Code     0  startup_lpc17xx.o(.text)
    I2C2_IRQHandler                          0x000002d7   Thumb Code     0  startup_lpc17xx.o(.text)
    I2S_IRQHandler                           0x000002d7   Thumb Code     0  startup_lpc17xx.o(.text)
    MCPWM_IRQHandler                         0x000002d7   Thumb Code     0  startup_lpc17xx.o(.text)
    PLL0_IRQHandler                          0x000002d7   Thumb Code     0  startup_lpc17xx.o(.text)
    PLL1_IRQHandler                          0x000002d7   Thumb Code     0  startup_lpc17xx.o(.text)
    PWM1_IRQHandler                          0x000002d7   Thumb Code     0  startup_lpc17xx.o(.text)
    QEI_IRQHandler                           0x000002d7   Thumb Code     0  startup_lpc17xx.o(.text)
    RIT_IRQHandler                           0x000002d7   Thumb Code     0  startup_lpc17xx.o(.text)
    RTC_IRQHandler                           0x000002d7   Thumb Code     0  startup_lpc17xx.o(.text)
    SPI_IRQHandler                           0x000002d7   Thumb Code     0  startup_lpc17xx.o(.text)
    SSP0_IRQHandler                          0x000002d7   Thumb Code     0  startup_lpc17xx.o(.text)
    SSP1_IRQHandler                          0x000002d7   Thumb Code     0  startup_lpc17xx.o(.text)
    TIMER0_IRQHandler                        0x000002d7   Thumb Code     0  startup_lpc17xx.o(.text)
    TIMER1_IRQHandler                        0x000002d7   Thumb Code     0  startup_lpc17xx.o(.text)
    TIMER2_IRQHandler                        0x000002d7   Thumb Code     0  startup_lpc17xx.o(.text)
    TIMER3_IRQHandler                        0x000002d7   Thumb Code     0  startup_lpc17xx.o(.text)
    UART0_IRQHandler                         0x000002d7   Thumb Code     0  startup_lpc17xx.o(.text)
    UART2_IRQHandler                         0x000002d7   Thumb Code     0  startup_lpc17xx.o(.text)
    USBActivity_IRQHandler                   0x000002d7   Thumb Code     0  startup_lpc17xx.o(.text)
    USB_IRQHandler                           0x000002d7   Thumb Code     0  startup_lpc17xx.o(.text)
    WDT_IRQHandler                           0x000002d7   Thumb Code     0  startup_lpc17xx.o(.text)
    __scatterload_copy                       0x000002dd   Thumb Code    14  handlers.o(i.__scatterload_copy)
    __scatterload_null                       0x000002eb   Thumb Code     2  handlers.o(i.__scatterload_null)
    __scatterload_zeroinit                   0x000002ed   Thumb Code    14  handlers.o(i.__scatterload_zeroinit)
    uip_setipid                              0x00000301   Thumb Code     6  uip.o(.text)
    uip_add32                                0x00000307   Thumb Code   106  uip.o(.text)
    htons                                    0x000003b3   Thumb Code    12  uip.o(.text)
    uip_chksum                               0x000003bf   Thumb Code    24  uip.o(.text)
    uip_ipchksum                             0x000003d7   Thumb Code    32  uip.o(.text)
    uip_tcpchksum                            0x0000043d   Thumb Code    10  uip.o(.text)
    uip_udpchksum                            0x00000447   Thumb Code    10  uip.o(.text)
    uip_init                                 0x00000451   Thumb Code   110  uip.o(.text)
    uip_connect                              0x000004bf   Thumb Code   278  uip.o(.text)
    uip_unlisten                             0x000005d5   Thumb Code    68  uip.o(.text)
    uip_listen                               0x00000619   Thumb Code    64  uip.o(.text)
    uip_process                              0x00000693   Thumb Code  4026  uip.o(.text)
    uip_send                                 0x0000164d   Thumb Code    38  uip.o(.text)
    uip_arp_init                             0x00001695   Thumb Code    48  uip_arp.o(.text)
    uip_arp_timer                            0x000016c5   Thumb Code    84  uip_arp.o(.text)
    uip_arp_arpin                            0x00001841   Thumb Code   218  uip_arp.o(.text)
    uip_arp_out                              0x0000191b   Thumb Code   418  uip_arp.o(.text)
    uip_log                                  0x00001abd   Thumb Code     2  main.o(.text)
    main                                     0x00001abf   Thumb Code   374  main.o(.text)
    EMAC_Init                                0x00001d93   Thumb Code   488  lpc17xx_emac.o(.text)
    EMAC_ReadPacket                          0x00001f7b   Thumb Code    98  lpc17xx_emac.o(.text)
    EMAC_SendPacket                          0x00001fdd   Thumb Code   182  lpc17xx_emac.o(.text)
    UART3_IRQHandler                         0x00002095   Thumb Code   170  uart.o(.text)
    UART1_IRQHandler                         0x0000213f   Thumb Code   170  uart.o(.text)
    UARTInit                                 0x000021e9   Thumb Code   322  uart.o(.text)
    UARTSend                                 0x0000232b   Thumb Code    78  uart.o(.text)
    SystemInit                               0x000023c5   Thumb Code   512  system_lpc17xx.o(.text)
    __aeabi_memcpy                           0x000025dd   Thumb Code    36  memcpya.o(.text)
    __aeabi_memcpy4                          0x000025dd   Thumb Code     0  memcpya.o(.text)
    __aeabi_memcpy8                          0x000025dd   Thumb Code     0  memcpya.o(.text)
    __aeabi_memset                           0x00002601   Thumb Code    14  memseta.o(.text)
    __aeabi_memset4                          0x00002601   Thumb Code     0  memseta.o(.text)
    __aeabi_memset8                          0x00002601   Thumb Code     0  memseta.o(.text)
    __aeabi_memclr                           0x0000260f   Thumb Code     4  memseta.o(.text)
    __aeabi_memclr4                          0x0000260f   Thumb Code     0  memseta.o(.text)
    __aeabi_memclr8                          0x0000260f   Thumb Code     0  memseta.o(.text)
    _memset$wrapper                          0x00002613   Thumb Code    20  memseta.o(.text)
    __aeabi_uidiv                            0x00002627   Thumb Code     0  uidiv.o(.text)
    __aeabi_uidivmod                         0x00002627   Thumb Code    44  uidiv.o(.text)
    __scatterload                            0x00002655   Thumb Code    28  init.o(.text)
    __scatterload_rt2                        0x00002655   Thumb Code     0  init.o(.text)
    __0sprintf$6                             0x00002679   Thumb Code    34  printf6.o(i.__0sprintf$6)
    __1sprintf$6                             0x00002679   Thumb Code     0  printf6.o(i.__0sprintf$6)
    __2sprintf                               0x00002679   Thumb Code     0  printf6.o(i.__0sprintf$6)
    uip_ethaddr                              0x000029fe   Data           6  uip.o(.constdata)
    Region$$Table$$Base                      0x00002a10   Number         0  anon$$obj.o(Region$$Table)
    Region$$Table$$Limit                     0x00002a20   Number         0  anon$$obj.o(Region$$Table)
    uip_hostaddr                             0x10000000   Data           4  uip.o(.data)
    uip_draddr                               0x10000004   Data           4  uip.o(.data)
    uip_netmask                              0x10000008   Data           4  uip.o(.data)
    uip_appdata                              0x1000000c   Data           4  uip.o(.data)
    uip_sappdata                             0x10000010   Data           4  uip.o(.data)
    uip_len                                  0x10000014   Data           2  uip.o(.data)
    uip_slen                                 0x10000016   Data           2  uip.o(.data)
    uip_flags                                0x10000018   Data           1  uip.o(.data)
    uip_conn                                 0x1000001c   Data           4  uip.o(.data)
    uip_acc32                                0x10000028   Data           4  uip.o(.data)
    systick_counter                          0x10000038   Data           4  lpc17xx_systick.o(.data)
    led_tick_counter                         0x1000003c   Data           4  lpc17xx_systick.o(.data)
    greeting_message                         0x10000040   Data          29  scad_app.o(.data)
    data_string                              0x1000005d   Data          21  scad_app.o(.data)
    send_string                              0x10000072   Data          26  scad_app.o(.data)
    state_of_connection                      0x1000008c   Data           1  scad_app.o(.data)
    UART3TxEmpty                             0x10000090   Data           1  uart.o(.data)
    UART1TxEmpty                             0x10000091   Data           1  uart.o(.data)
    UART3Count                               0x10000094   Data           4  uart.o(.data)
    UART1Count                               0x10000098   Data           4  uart.o(.data)
    UART3Status                              0x1000009c   Data           4  uart.o(.data)
    UART1Status                              0x100000a0   Data           4  uart.o(.data)
    SystemFrequency                          0x100000a4   Data           4  system_lpc17xx.o(.data)
    uip_buf                                  0x100000a8   Data        1522  uip.o(.bss)
    uip_conns                                0x1000069c   Data        1280  uip.o(.bss)
    uip_listenports                          0x10000b9c   Data          80  uip.o(.bss)
    uip_stat                                 0x10000bec   Data          44  uip.o(.bss)
    dummy_str                                0x10000c78   Data          21  scad_app.o(.bss)
    UART3Buffer                              0x10000c8d   Data          64  uart.o(.bss)
    UART1Buffer                              0x10000ccd   Data          64  uart.o(.bss)
    __initial_sp                             0x10000f10   Data           0  startup_lpc17xx.o(STACK)



==============================================================================

Memory Map of the image

  Image Entry point : 0x000000cd

  Load Region LR_IROM1 (Base: 0x00000000, Size: 0x00002ac8, Max: 0x00080000, ABSOLUTE)

    Execution Region ER_IROM1 (Base: 0x00000000, Size: 0x00002a20, Max: 0x00080000, ABSOLUTE)

    Base Addr    Size         Type   Attr      Idx    E Section Name        Object

    0x00000000   0x000000cc   Data   RO          331    RESET               startup_lpc17xx.o
    0x000000cc   0x00000000   Code   RO          364  * .ARM.Collect$$$$00000000  entry.o(mc_w.l)
    0x000000cc   0x00000004   Code   RO          646    .ARM.Collect$$$$00000001  entry2.o(mc_w.l)
    0x000000d0   0x00000004   Code   RO          649    .ARM.Collect$$$$00000004  entry5.o(mc_w.l)
    0x000000d4   0x00000008   Code   RO          650    .ARM.Collect$$$$00000007  entry7.o(mc_w.l)
    0x000000dc   0x00000004   Code   RO          647    .ARM.Collect$$$$00002712  entry2.o(mc_w.l)
    0x000000e0   0x00000014   Code   RO            1    .text               clock-arch.o
    0x000000f4   0x00000024   Code   RO          146    .text               tapdev.o
    0x00000118   0x00000040   Code   RO          177    .text               timer.o
    0x00000158   0x00000088   Code   RO          258    .text               lpc17xx_systick.o
    0x000001e0   0x000000e0   Code   RO          291    .text               scad_app.o
    0x000002c0   0x0000001c   Code   RO          333    .text               startup_lpc17xx.o
    0x000002dc   0x0000000e   Code   RO          680    i.__scatterload_copy  handlers.o(mc_w.l)
    0x000002ea   0x00000002   Code   RO          681    i.__scatterload_null  handlers.o(mc_w.l)
    0x000002ec   0x0000000e   Code   RO          682    i.__scatterload_zeroinit  handlers.o(mc_w.l)
    0x000002fa   0x00000002   PAD
    0x000002fc   0x00000004   Code   RO          332    .ARM.__at_0x02FC    startup_lpc17xx.o
    0x00000300   0x00001394   Code   RO          195    .text               uip.o
    0x00001694   0x00000428   Code   RO          222    .text               uip_arp.o
    0x00001abc   0x000001a8   Code   RO          242    .text               main.o
    0x00001c64   0x0000042e   Code   RO          276    .text               lpc17xx_emac.o
    0x00002092   0x00000002   PAD
    0x00002094   0x00000330   Code   RO          307    .text               uart.o
    0x000023c4   0x00000218   Code   RO          340    .text               system_lpc17xx.o
    0x000025dc   0x00000024   Code   RO          367    .text               memcpya.o(mc_w.l)
    0x00002600   0x00000026   Code   RO          369    .text               memseta.o(mc_w.l)
    0x00002626   0x0000002c   Code   RO          654    .text               uidiv.o(mc_w.l)
    0x00002652   0x00000002   PAD
    0x00002654   0x00000024   Code   RO          669    .text               init.o(mc_w.l)
    0x00002678   0x00000028   Code   RO          542    i.__0sprintf$6      printf6.o(mc_w.l)
    0x000026a0   0x000002fc   Code   RO          547    i._printf_core      printf6.o(mc_w.l)
    0x0000299c   0x00000024   Code   RO          548    i._printf_post_padding  printf6.o(mc_w.l)
    0x000029c0   0x0000002c   Code   RO          549    i._printf_pre_padding  printf6.o(mc_w.l)
    0x000029ec   0x0000000a   Code   RO          551    i._sputc            printf6.o(mc_w.l)
    0x000029f6   0x0000000e   Data   RO          197    .constdata          uip.o
    0x00002a04   0x0000000a   Data   RO          224    .constdata          uip_arp.o
    0x00002a0e   0x00000002   PAD
    0x00002a10   0x00000010   Data   RO          678    Region$$Table       anon$$obj.o


    Execution Region RW_IRAM1 (Base: 0x10000000, Size: 0x00000f10, Max: 0x00008000, ABSOLUTE, UNINIT)

    Base Addr    Size         Type   Attr      Idx    E Section Name        Object

    0x10000000   0x00000030   Data   RW          198    .data               uip.o
    0x10000030   0x00000008   Data   RW          225    .data               uip_arp.o
    0x10000038   0x00000008   Data   RW          259    .data               lpc17xx_systick.o
    0x10000040   0x0000004d   Data   RW          293    .data               scad_app.o
    0x1000008d   0x00000003   PAD
    0x10000090   0x00000014   Data   RW          309    .data               uart.o
    0x100000a4   0x00000004   Data   RW          341    .data               system_lpc17xx.o
    0x100000a8   0x00000b70   Zero   RW          196    .bss                uip.o
    0x10000c18   0x00000060   Zero   RW          223    .bss                uip_arp.o
    0x10000c78   0x00000015   Zero   RW          292    .bss                scad_app.o
    0x10000c8d   0x00000080   Zero   RW          308    .bss                uart.o
    0x10000d0d   0x00000003   PAD
    0x10000d10   0x00000200   Zero   RW          329    STACK               startup_lpc17xx.o


    Execution Region RW_IRAM2 (Base: 0x2007c000, Size: 0x00000000, Max: 0x00004000, ABSOLUTE, UNINIT)

    **** No section assigned to this execution region ****


==============================================================================

Image component sizes


      Code (inc. data)   RO Data    RW Data    ZI Data      Debug   Object Name

        20          4          0          0          0       4308   clock-arch.o
         0          0          0          0          0      10442   httpd.o
      1070         36          0          0          0       4192   lpc17xx_emac.o
       136         20          0          8          0       6576   lpc17xx_systick.o
       424         48          0          0          0       1027   main.o
       224         84          0         77         21       1801   scad_app.o
        32          8        204          0        512        828   startup_lpc17xx.o
       536         24          0          4          0        975   system_lpc17xx.o
        36          0          0          0          0      17514   tapdev.o
        64          0          0          0          0       1980   timer.o
       816         52          0         20        128       8096   uart.o
      5012        482         14         48       2928      14652   uip.o
      1064         42         10          8         96       4093   uip_arp.o

    ----------------------------------------------------------------------
      9436        800        246        168       3688      76484   Object Totals
         0          0         16          0          0          0   (incl. Generated)
         2          0          2          3          3          2   (incl. Padding)

    ----------------------------------------------------------------------

      Code (inc. data)   RO Data    RW Data    ZI Data      Debug   Library Member Name

         0          0          0          0          0          0   entry.o
         8          4          0          0          0          0   entry2.o
         4          0          0          0          0          0   entry5.o
         8          4          0          0          0          0   entry7.o
        30          0          0          0          0          0   handlers.o
        36          8          0          0          0         68   init.o
        36          0          0          0          0         68   memcpya.o
        38          0          0          0          0        108   memseta.o
       894         10          0          0          0        416   printf6.o
        44          0          0          0          0         76   uidiv.o

    ----------------------------------------------------------------------
      1102         26          0          0          0        736   Library Totals
         4          0          0          0          0          0   (incl. Padding)

    ----------------------------------------------------------------------

      Code (inc. data)   RO Data    RW Data    ZI Data      Debug   Library Name

      1098         26          0          0          0        736   mc_w.l

    ----------------------------------------------------------------------
      1102         26          0          0          0        736   Library Totals

    ----------------------------------------------------------------------

==============================================================================


      Code (inc. data)   RO Data    RW Data    ZI Data      Debug   

     10538        826        246        168       3688      76072   Grand Totals
     10538        826        246        168       3688      76072   ELF Image Totals
     10538        826        246        168          0          0   ROM Totals

==============================================================================

    Total RO  Size (Code + RO Data)                10784 (  10.53kB)
    Total RW  Size (RW Data + ZI Data)              3856 (   3.77kB)
    Total ROM Size (Code + RO Data + RW Data)      10952 (  10.70kB)

==============================================================================

